// Vitest Snapshot v1, https://vitest.dev/guide/snapshot.html

exports[`language tables > match the snapshot 1`] = `
{
  "LanguageFlag": {
    "ar": "ae",
    "de": "de",
    "en": "gb",
    "es": "es",
    "fa": "ir",
    "fr": "fr",
    "he": "il",
    "hi": "in",
    "id": "id",
    "it": "it",
    "ja": "jp",
    "km": "kh",
    "ko": "kr",
    "mn_cy": "mn",
    "mn_mo": "cn",
    "ms": "ms",
    "nb_no": "no",
    "nl": "nl",
    "nn_no": "no",
    "pl": "pl",
    "pt_br": "br",
    "pt_pt": "pt",
    "ru": "ru",
    "sv": "se",
    "th": "th",
    "tr": "tr",
    "uk": "ua",
    "vi": "vn",
    "zh_cn": "cn",
    "zh_tw": "cn",
  },
  "languageList": [
    "zh_cn",
    "zh_tw",
    "mn_mo",
    "en",
    "ja",
    "ko",
    "fr",
    "es",
    "ru",
    "de",
    "it",
    "tr",
    "pt_pt",
    "pt_br",
    "vi",
    "id",
    "th",
    "ms",
    "ar",
    "hi",
    "km",
    "mn_cy",
    "nb_no",
    "nn_no",
    "fa",
    "sv",
    "pl",
    "nl",
    "uk",
    "he",
  ],
}
`;
