// Vitest Snapshot v1, https://vitest.dev/guide/snapshot.html

exports[`bing translate > exports its info and language table 1`] = `
{
  "Language": {
    "ar": "ar",
    "auto": "",
    "de": "de",
    "en": "en",
    "es": "es",
    "fa": "fa",
    "fr": "fr",
    "he": "he",
    "hi": "hi",
    "id": "id",
    "it": "it",
    "ja": "ja",
    "km": "km",
    "ko": "ko",
    "mn_cy": "mn-Cyrl",
    "mn_mo": "mn-Mong",
    "ms": "ms",
    "nb_no": "nb",
    "nl": "nl",
    "pl": "pl",
    "pt_br": "pt",
    "pt_pt": "pt-pt",
    "ru": "ru",
    "sv": "sv",
    "th": "th",
    "tr": "tr",
    "uk": "uk",
    "vi": "vi",
    "yue": "yue",
    "zh_cn": "zh-Hans",
    "zh_tw": "zh-Hant",
  },
  "info": {
    "icon": "logo/bing.svg",
    "name": "bing",
  },
}
`;

exports[`bing translate > fetches a text token, then posts the text with it and returns the trimmed translation 1`] = `
[
  {
    "options": {
      "headers": {
        "User-Agent": "Mozilla/5.0 (Windows NT 10.0; Win64; x64) AppleWebKit/537.36 (KHTML, like Gecko) Chrome/113.0.0.0 Safari/537.36 Edg/113.0.1774.42",
      },
      "method": "GET",
      "responseType": 2,
    },
    "url": "https://edge.microsoft.com/translate/auth",
  },
  {
    "options": {
      "body": {
        "payload": [
          {
            "Text": "hello",
          },
        ],
        "type": "Json",
      },
      "headers": {
        "Referer": "https://appsumo.com/",
        "Referrer-Policy": "strict-origin-when-cross-origin",
        "User-Agent": "Mozilla/5.0 (Windows NT 10.0; Win64; x64) AppleWebKit/537.36 (KHTML, like Gecko) Chrome/113.0.0.0 Safari/537.36 Edg/113.0.1774.42",
        "accept": "*/*",
        "accept-language": "zh-TW,zh;q=0.9,ja;q=0.8,zh-CN;q=0.7,en-US;q=0.6,en;q=0.5",
        "authorization": "Bearer TOKEN",
        "cache-control": "no-cache",
        "content-type": "application/json",
        "pragma": "no-cache",
        "sec-ch-ua": ""Microsoft Edge";v="113", "Chromium";v="113", "Not-A.Brand";v="24"",
        "sec-ch-ua-mobile": "?0",
        "sec-ch-ua-platform": ""Windows"",
        "sec-fetch-dest": "empty",
        "sec-fetch-mode": "cors",
        "sec-fetch-site": "cross-site",
      },
      "method": "POST",
      "query": {
        "api-version": "3.0",
        "from": "en",
        "includeSentenceLength": "true",
        "to": "zh-Hans",
      },
    },
    "url": "https://api-edge.cognitive.microsofttranslator.com/translate",
  },
]
`;
