// Vitest Snapshot v1, https://vitest.dev/guide/snapshot.html

exports[`system OCR > exports its info and language table 1`] = `
{
  "Language": {
    "ar": "ar",
    "auto": "auto",
    "de": "de",
    "en": "en",
    "es": "es",
    "fr": "fr",
    "he": "he",
    "hi": "hi",
    "id": "id",
    "it": "it",
    "ja": "ja",
    "ko": "ko",
    "ms": "ms",
    "pt_br": "pt_br",
    "pt_pt": "pt_pt",
    "ru": "ru",
    "th": "th",
    "tr": "tr",
    "uk": "uk",
    "vi": "vi",
    "zh_cn": "zh_cn",
    "zh_tw": "zh_tw",
  },
  "info": {
    "icon": "system",
    "name": "system",
  },
}
`;

exports[`system OCR > maps every language of the table to the language code of each OS 1`] = `
{
  "Darwin": {
    "ar": "ar-SA",
    "auto": "auto",
    "de": "de-DE",
    "en": "en-US",
    "es": "es-ES",
    "fr": "fr-FR",
    "he": "he-IL",
    "hi": "hi-IN",
    "id": "id-ID",
    "it": "it-IT",
    "ja": "ja-JP",
    "ko": "ko-KR",
    "ms": "ms-MY",
    "pt_br": "pt-BR",
    "pt_pt": undefined,
    "ru": "ru-RU",
    "th": "th-TH",
    "tr": "tr-TR",
    "uk": "uk-UA",
    "vi": "vi-VN",
    "zh_cn": "zh-Hans",
    "zh_tw": "zh-Hant",
  },
  "Linux": {
    "ar": "ara",
    "auto": "auto",
    "de": "deu",
    "en": "eng",
    "es": "spa",
    "fr": "fra",
    "he": "heb",
    "hi": "hin",
    "id": "ind",
    "it": "ita",
    "ja": "jpn",
    "ko": "kor",
    "ms": "msa",
    "pt_br": "por",
    "pt_pt": undefined,
    "ru": "rus",
    "th": "tha",
    "tr": "tur",
    "uk": "ukr",
    "vi": "vie",
    "zh_cn": "chi_sim",
    "zh_tw": "chi_tra",
  },
  "Windows_NT": {
    "ar": "ar-SA",
    "auto": "auto",
    "de": "de-DE",
    "en": "en-US",
    "es": "es-ES",
    "fr": "fr-FR",
    "he": "he-IL",
    "hi": "hi-IN",
    "id": "id-ID",
    "it": "it-IT",
    "ja": "ja-JP",
    "ko": "ko-KR",
    "ms": "ms-MY",
    "pt_br": "pt-BR",
    "pt_pt": undefined,
    "ru": "ru-RU",
    "th": "th-TH",
    "tr": "tr-TR",
    "uk": "uk-UA",
    "vi": "vi-VN",
    "zh_cn": "zh-CN",
    "zh_tw": "zh-TW",
  },
}
`;
